src/components/common/Calendar.tsx(2,1): error TS6192: All imports in import declaration are unused.
src/components/common/Calendar.tsx(10,3): error TS6133: 'Clock' is declared but its value is never read.
src/components/common/Calendar.tsx(11,3): error TS6133: 'AlertTriangle' is declared but its value is never read.
src/components/common/Calendar.tsx(25,3): error TS6133: 'parseISO' is declared but its value is never read.
src/components/common/Card.tsx(2,1): error TS6133: 'React' is declared but its value is never read.
src/components/common/KanbanBoard.tsx(9,3): error TS6133: 'ChevronRight' is declared but its value is never read.
src/components/common/KanbanBoard.tsx(13,3): error TS6133: 'CheckCircle' is declared but its value is never read.
src/components/common/KanbanBoard.tsx(14,3): error TS6133: 'XCircle' is declared but its value is never read.
src/hooks/useAlertas.ts(86,15): error TS2339: Property 'data' does not exist on type 'unknown'.
src/hooks/useAlertas.ts(98,15): error TS2339: Property 'data' does not exist on type 'unknown'.
src/hooks/useAlertas.ts(110,15): error TS2339: Property 'data' does not exist on type 'unknown'.
src/hooks/useAlertas.ts(122,15): error TS2339: Property 'data' does not exist on type 'unknown'.
src/hooks/useAlertas.ts(133,15): error TS2339: Property 'data' does not exist on type 'unknown'.
src/hooks/useAlertas.ts(147,15): error TS2339: Property 'data' does not exist on type 'unknown'.
src/hooks/useAlertas.ts(147,34): error TS2554: Expected 2 arguments, but got 1.
src/hooks/useAlertas.ts(162,15): error TS2339: Property 'data' does not exist on type 'unknown'.
src/hooks/useAlertas.ts(162,34): error TS2554: Expected 2 arguments, but got 1.
src/hooks/useAlertas.ts(185,15): error TS2339: Property 'data' does not exist on type 'unknown'.
src/hooks/useAlertas.ts(214,15): error TS2339: Property 'data' does not exist on type 'unknown'.
src/hooks/useAlertas.ts(229,15): error TS2339: Property 'data' does not exist on type 'unknown'.
src/hooks/useAlertas.ts(229,34): error TS2554: Expected 2 arguments, but got 1.
src/hooks/useEndossos.ts(26,32): error TS6133: 'apoliceId' is declared but its value is never read.
src/hooks/useFormValidation.ts(40,27): error TS2769: No overload matches this call.
  Overload 1 of 4, '(schema: Zod3Type<T, FieldValues>, schemaOptions?: ParseParams | undefined, resolverOptions?: NonRawResolverOptions | undefined): Resolver<...>', gave the following error.
    Argument of type 'ZodType<T, unknown, $ZodTypeInternals<T, unknown>>' is not assignable to parameter of type 'Zod3Type<T, FieldValues>'.
      Types of property '_input' are incompatible.
        Type 'unknown' is not assignable to type 'FieldValues'.
  Overload 2 of 4, '(schema: $ZodType<unknown, FieldValues, $ZodTypeInternals<unknown, FieldValues>>, schemaOptions?: ParseContext<$ZodIssue> | undefined, resolverOptions?: NonRawResolverOptions | undefined): Resolver<...>', gave the following error.
    Argument of type 'ZodType<T, unknown, $ZodTypeInternals<T, unknown>>' is not assignable to parameter of type '$ZodType<unknown, FieldValues, $ZodTypeInternals<unknown, FieldValues>>'.
      Types of property '_zod' are incompatible.
        Type '$ZodTypeInternals<T, unknown>' is not assignable to type '$ZodTypeInternals<unknown, FieldValues>'.
          Type 'unknown' is not assignable to type 'FieldValues'.
src/hooks/useSinistroChecklist.ts(110,15): error TS2339: Property 'data' does not exist on type 'unknown'.
src/hooks/useSinistroChecklist.ts(138,15): error TS2339: Property 'data' does not exist on type 'unknown'.
src/hooks/useSinistroChecklist.ts(188,15): error TS2339: Property 'data' does not exist on type 'unknown'.
src/hooks/useSinistroChecklist.ts(210,15): error TS2339: Property 'data' does not exist on type 'unknown'.
src/hooks/useSinistroChecklist.ts(210,34): error TS2554: Expected 2 arguments, but got 1.
src/pages/Alertas.tsx(20,3): error TS6133: 'Filter' is declared but its value is never read.
src/pages/Alertas.tsx(28,3): error TS6133: 'ExternalLink' is declared but its value is never read.
src/pages/Alertas.tsx(30,3): error TS6133: 'ArrowRight' is declared but its value is never read.
src/pages/Alertas.tsx(31,3): error TS6133: 'PlayCircle' is declared but its value is never read.
src/pages/Alertas.tsx(161,10): error TS6133: 'selectedAlerta' is declared but its value is never read.
src/pages/Alertas.tsx(161,26): error TS6133: 'setSelectedAlerta' is declared but its value is never read.
src/pages/Alertas.tsx(185,32): error TS2339: Property 'data' does not exist on type 'Alerta[]'.
src/pages/Alertas.tsx(186,30): error TS2339: Property 'total' does not exist on type 'Alerta[]'.
src/pages/Alertas.tsx(190,6): error TS7006: Parameter 'a' implicitly has an 'any' type.
src/pages/Alertas.tsx(253,33): error TS2339: Property 'metadados' does not exist on type 'Alerta'.
src/pages/Alertas.tsx(253,63): error TS2339: Property 'metadados' does not exist on type 'Alerta'.
src/pages/Alertas.tsx(267,28): error TS2339: Property 'metadados' does not exist on type 'Alerta'.
src/pages/Alertas.tsx(267,58): error TS2339: Property 'metadados' does not exist on type 'Alerta'.
src/pages/Alertas.tsx(274,30): error TS2339: Property 'metadados' does not exist on type 'Alerta'.
src/pages/Alertas.tsx(274,57): error TS2339: Property 'metadados' does not exist on type 'Alerta'.
src/pages/Alertas.tsx(294,25): error TS2339: Property 'metadados' does not exist on type 'Alerta'.
src/pages/Alertas.tsx(497,16): error TS2322: Type 'ForwardRefExoticComponent<Omit<LucideProps, "ref"> & RefAttributes<SVGSVGElement>>' is not assignable to type 'ReactNode'.
src/pages/Alertas.tsx(508,34): error TS7006: Parameter 'alerta' implicitly has an 'any' type.
src/pages/Alertas.tsx(509,28): error TS7053: Element implicitly has an 'any' type because expression of type 'any' can't be used to index type 'Record<PrioridadeAlerta, { label: string; bgClass: string; textClass: string; icon: ElementType<any, keyof IntrinsicElements>; }>'.
src/pages/Alertas.tsx(510,30): error TS7053: Element implicitly has an 'any' type because expression of type 'any' can't be used to index type 'Record<TipoAlerta, ElementType<any, keyof IntrinsicElements>>'.
src/pages/Alertas.tsx(511,34): error TS7053: Element implicitly has an 'any' type because expression of type 'any' can't be used to index type 'Record<TipoAlerta, QuickAction[]>'.
src/pages/Alertas.tsx(548,46): error TS7006: Parameter 'action' implicitly has an 'any' type.
src/pages/Alertas.tsx(548,54): error TS7006: Parameter 'idx' implicitly has an 'any' type.
src/pages/Apolices.tsx(51,3): error TS2353: Object literal may only specify known properties, and 'consorcio' does not exist in type 'Record<RamoSeguro, { icon: ElementType<any, keyof IntrinsicElements>; color: string; label: string; }>'.
src/pages/ConsorcioDetalhes.tsx(8,3): error TS6133: 'Trash2' is declared but its value is never read.
src/pages/ConsorcioDetalhes.tsx(17,3): error TS6133: 'AlertTriangle' is declared but its value is never read.
src/pages/CotacaoDetalhes.tsx(79,42): error TS6133: 'loadingClientes' is declared but its value is never read.
src/pages/CotacaoDetalhes.tsx(95,5): error TS6133: 'setValue' is declared but its value is never read.
src/pages/Cotacoes.tsx(3,18): error TS6133: 'AnimatePresence' is declared but its value is never read.
src/pages/Cotacoes.tsx(5,9): error TS6133: 'Search' is declared but its value is never read.
src/pages/Cotacoes.tsx(7,21): error TS6133: 'Filter' is declared but its value is never read.
src/pages/Cotacoes.tsx(7,29): error TS6133: 'X' is declared but its value is never read.
src/pages/Cotacoes.tsx(7,32): error TS6133: 'Phone' is declared but its value is never read.
src/pages/Cotacoes.tsx(7,39): error TS6133: 'MessageSquare' is declared but its value is never read.
src/pages/Cotacoes.tsx(8,3): error TS6133: 'TrendingUp' is declared but its value is never read.
src/pages/Cotacoes.tsx(8,23): error TS6133: 'ChevronDown' is declared but its value is never read.
src/pages/Cotacoes.tsx(17,3): error TS6133: 'usePipelineStats' is declared but its value is never read.
src/pages/Cotacoes.tsx(243,18): error TS6133: 'setSearch' is declared but its value is never read.
src/pages/Cotacoes.tsx(254,9): error TS6133: 'metricasConversao' is declared but its value is never read.
src/pages/Dashboard.tsx(9,3): error TS6133: 'TrendingDown' is declared but its value is never read.
src/pages/Dashboard.tsx(17,3): error TS6133: 'Calendar' is declared but its value is never read.
src/pages/Dashboard.tsx(21,3): error TS6133: 'MessageSquare' is declared but its value is never read.
src/pages/Dashboard.tsx(283,47): error TS6133: 'metricasLoading' is declared but its value is never read.
src/pages/Financeiro.tsx(6,3): error TS6133: 'TrendingDown' is declared but its value is never read.
src/pages/Financeiro.tsx(7,3): error TS6133: 'Wallet' is declared but its value is never read.
src/pages/Financeiro.tsx(20,3): error TS6133: 'Filter' is declared but its value is never read.
src/pages/Financeiro.tsx(23,3): error TS6133: 'Eye' is declared but its value is never read.
src/pages/FinanciamentoDetalhes.tsx(892,36): error TS2551: Property 'valor_amortizado' does not exist on type '{ data_amortizacao: string; valor_amortizacao: number; tipo_amortizacao: "parcial" | "quitacao"; reducao_tipo: "prazo" | "parcela"; observacao: string; }'. Did you mean 'valor_amortizacao'?
src/pages/PlanoSaudeDetalhes.tsx(12,3): error TS6133: 'DollarSign' is declared but its value is never read.
src/pages/PlanoSaudeDetalhes.tsx(13,3): error TS6133: 'Calendar' is declared but its value is never read.
src/pages/PlanoSaudeDetalhes.tsx(17,3): error TS6133: 'Shield' is declared but its value is never read.
src/pages/PlanoSaudeDetalhes.tsx(19,3): error TS6133: 'AlertTriangle' is declared but its value is never read.
src/pages/PlanosSaude.tsx(8,3): error TS6133: 'Filter' is declared but its value is never read.
src/pages/PlanosSaude.tsx(11,3): error TS6133: 'Activity' is declared but its value is never read.
src/pages/PlanosSaude.tsx(13,3): error TS6133: 'FileText' is declared but its value is never read.
src/pages/PropostaDetalhes.tsx(11,3): error TS6133: 'Calendar' is declared but its value is never read.
src/pages/PropostaDetalhes.tsx(24,3): error TS6133: 'Select' is declared but its value is never read.
src/pages/WhatsAppCRM.tsx(1,48): error TS6133: 'useCallback' is declared but its value is never read.
src/pages/WhatsAppCRM.tsx(22,3): error TS6133: 'ChevronLeft' is declared but its value is never read.
src/pages/WhatsAppCRM.tsx(48,8): error TS6133: 'TemplateCategoria' is declared but its value is never read.
